--- A Day Carved From Rising Winds ---
{
  Flower: "Item_Windborne_Flower's_Spruchdichtung.webp",
  Feather: "Item_Heldenepos's_Unspoken_Tale.webp",
  Sands: 'Item_Minnesang_of_Love_and_Lament.webp',
  Goblet: "Item_Dawn's_Brilliant_Oath.webp",
  Circlet: "Item_A_Note_in_Spring's_Leich.webp"
}
--- Archaic Petra ---
{
  Flower: 'Item_Flower_of_Creviced_Cliff.webp',
  Feather: 'Item_Feather_of_Jagged_Peaks.webp',
  Sands: 'Item_Sundial_of_Enduring_Jade.webp',
  Goblet: 'Item_Goblet_of_Chiseled_Crag.webp',
  Circlet: 'Item_Mask_of_Solitude_Basalt.webp'
}
--- Aubade of Morningstar and Moon ---
{
  Flower: "Item_Moonlit_Offering's_Opulent_Dream.webp",
  Feather: "Item_Moonlit_Offering's_Parting_Light.webp",
  Sands: "Item_Moonlit_Offering's_Final_Hour.webp",
  Goblet: "Item_Moonlit_Offering's_Libation.webp",
  Circlet: "Item_Moonlit_Offering's_Silver_Crown.webp"
}
--- Blizzard Strayer ---
{
  Flower: 'Item_Snowswept_Memory.webp',
  Feather: "Item_Icebreaker's_Resolve.webp",
  Sands: "Item_Frozen_Homeland's_Demise.webp",
  Goblet: 'Item_Frost-Weaved_Dignity.webp',
  Circlet: "Item_Broken_Rime's_Echo.webp"
}
--- Bloodstained Chivalry ---
{
  Flower: 'Item_Bloodstained_Flower_of_Iron.webp',
  Feather: 'Item_Bloodstained_Black_Plume.webp',
  Sands: 'Item_Bloodstained_Final_Hour.webp',
  Goblet: "Item_Bloodstained_Chevalier's_Goblet.webp",
  Circlet: 'Item_Bloodstained_Iron_Mask.webp'
}
--- Crimson Witch of Flames ---
{
  Flower: "Item_Witch's_Flower_of_Blaze.webp",
  Feather: "Item_Witch's_Ever-Burning_Plume.webp",
  Sands: "Item_Witch's_End_Time.webp",
  Goblet: "Item_Witch's_Heart_Flames.webp",
  Circlet: "Item_Witch's_Scorching_Hat.webp"
}
--- Deepwood Memories ---
{
  Flower: 'Item_Lamp_of_the_Lost.webp',
  Feather: 'Item_Scholar_of_Vines.webp',
  Sands: 'Item_A_Time_of_Insight.webp',
  Goblet: 'Item_Labyrinth_Wayfarer.webp',
  Circlet: 'Item_Laurel_Coronet.webp'
}
--- Desert Pavilion Chronicle ---
{
  Flower: 'Item_The_First_Days_of_the_City_of_Kings.webp',
  Feather: 'Item_End_of_the_Golden_Realm.webp',
  Sands: 'Item_Timepiece_of_the_Lost_Path.webp',
  Goblet: 'Item_Defender_of_the_Enchanting_Dream.webp',
  Circlet: 'Item_Legacy_of_the_Desert_High-Born.webp'
}
--- Echoes of an Offering ---
{
  Flower: 'Item_Soulscent_Bloom.webp',
  Feather: 'Item_Flowing_Rings.webp',
  Sands: 'Item_Symbol_of_Felicitation.webp',
  Goblet: 'Item_Chalice_of_the_Font.webp',
  Circlet: 'Item_Jade_Leaf.webp'
}
--- Emblem of Severed Fate ---
{
  Flower: 'Item_Magnificent_Tsuba.webp',
  Feather: 'Item_Sundered_Feather.webp',
  Sands: 'Item_Storm_Cage.webp',
  Goblet: 'Item_Scarlet_Vessel.webp',
  Circlet: 'Item_Ornate_Kabuto.webp'
}
--- Finale of the Deep Galleries ---
{
  Flower: "Item_Deep_Gallery's_Bestowed_Banquet.webp",
  Feather: "Item_Deep_Gallery's_Distant_Pact.webp",
  Sands: "Item_Deep_Gallery's_Moment_of_Oblivion.webp",
  Goblet: "Item_Deep_Gallery's_Echoing_Song.webp",
  Circlet: "Item_Deep_Gallery's_Lost_Crown.webp"
}
--- Flower of Paradiese lost ---
{
  Flower: 'Item_Wilting_Feast.webp',
  Feather: 'Item_A_Moment_Congealed.webp',
  Sands: "Item_Ay-Khanoum's_Myriad.webp",
  Goblet: "Item_Secret-Keeper's_Magic_Bottle.webp",
  Circlet: 'Item_Amethyst_Crown.webp'
}
--- Fragment of Harmonic Whimsy ---
{
  Flower: 'Item_Harmonious_Symphony_Prelude.webp',
  Feather: "Item_Ancient_Sea's_Nocturnal_Musing.webp",
  Sands: 'Item_Ichor_Shower_Rhapsody.webp',
  Goblet: 'Item_The_Grand_Jape_of_the_Turning_of_Fate.webp',
  Circlet: 'Item_Whimsical_Dance_of_the_Withered.webp'
}
--- Gilded Dreams ---
{
  Flower: 'Item_Dreaming_Steelbloom.webp',
  Feather: 'Item_Feather_of_Judgment.webp',
  Sands: 'Item_Honeyed_Final_Feast.webp',
  Goblet: 'Item_Shadow_of_the_Sand_King.webp',
  Circlet: 'Item_The_Sunken_Years.webp'
}
--- Gladiator ---
{
  Flower: "Item_Gladiator's_Nostalgia.webp",
  Feather: "Item_Gladiator's_Destiny.webp",
  Sands: "Item_Gladiator's_Longing.webp",
  Goblet: "Item_Gladiator's_Intoxication.webp",
  Circlet: "Item_Gladiator's_Triumphus.webp"
}
--- Golden Troupe ---
{
  Flower: "Item_Golden_Troupe's_Reward.webp",
  Feather: "Item_Golden_Bird's_Shedding.webp",
  Sands: "Item_Golden_Song's_Variation.webp",
  Goblet: "Item_Golden_Era's_Prelude.webp",
  Circlet: "Item_Golden_Night's_Bustle.webp"
}
--- Hearth of Depth ---
{
  Flower: 'Item_Gilded_Corsage.webp',
  Feather: 'Item_Gust_of_Nostalgia.webp',
  Sands: 'Item_Copper_Compass.webp',
  Goblet: 'Item_Goblet_of_Thundering_Deep.webp',
  Circlet: 'Item_Wine-Stained_Tricorne.webp'
}
--- Husk of Opulent Dreams ---
{
  Flower: 'Item_Bloom_Times.webp',
  Feather: 'Item_Plume_of_Luxury.webp',
  Sands: 'Item_Song_of_Life.webp',
  Goblet: 'Item_Calabash_of_Awakening.webp',
  Circlet: 'Item_Skeletal_Hat.webp'
}
--- Lavawalker ---
{
  Flower: "Item_Lavawalker's_Resolution.webp",
  Feather: "Item_Lavawalker's_Torment.webp",
  Sands: "Item_Lavawalker's_Epiphany.webp",
  Goblet: "Item_Lavawalker's_Salvation.webp",
  Circlet: "Item_Lavawalker's_Wisdom.webp"
}
--- Long Night's Oath ---
{
  Flower: 'Item_A_Horn_Unwinded.webp',
  Feather: "Item_Nightingale's_Tail_Feather.webp",
  Sands: 'Item_Dyed_Tassel.webp',
  Goblet: "Item_Lightkeeper's_Pledge.webp",
  Circlet: "Item_Undying_One's_Mourning_Bell.webp"
}
--- Maiden ---
{
  Flower: "Item_Maiden's_Fading_Beauty.webp",
  Feather: "Item_Maiden's_Heart-Stricken_Infatuation.webp",
  Sands: "Item_Maiden's_Passing_Youth.webp",
  Goblet: "Item_Maiden's_Distant_Love.webp",
  Circlet: "Item_Maiden's_Fleeting_Leisure.webp"
}
--- Marechaussee Hunter ---
{
  Flower: "Item_Hunter's_Brooch.webp",
  Feather: "Item_Masterpiece's_Overture.webp",
  Sands: 'Item_Moment_of_Judgment.webp',
  Goblet: 'Item_Forgotten_Vessel.webp',
  Circlet: "Item_Veteran's_Visage.webp"
}
--- Night of the Sky's Unveiling ---
{
  Flower: "Item_Bloom_of_the_Mind's_Desire.webp",
  Feather: 'Item_Feather_of_Indelible_Sin.webp',
  Sands: 'Item_Vessel_of_Plenty.webp',
  Goblet: "Item_Revelation's_Toll.webp",
  Circlet: 'Item_Crown_of_the_Befallen.webp'
}
--- Nighttime Whispers in the Echoing Woods ---
{
  Flower: 'Item_Selfless_Floral_Accessory.webp',
  Feather: 'Item_Honest_Quill.webp',
  Sands: 'Item_Faithful_Hourglass.webp',
  Goblet: 'Item_Magnanimous_Ink_Bottle.webp',
  Circlet: "Item_Compassionate_Ladies'_Hat.webp"
}
--- Noblesse Oblige ---
{
  Flower: 'Item_Royal_Flora.webp',
  Feather: 'Item_Royal_Plume.webp',
  Sands: 'Item_Royal_Pocket_Watch.webp',
  Goblet: 'Item_Royal_Silver_Urn.webp',
  Circlet: 'Item_Royal_Masque.webp'
}
--- Nymph's Dream ---
{
  Flower: 'Item_Odyssean_Flower.webp',
  Feather: "Item_Wicked_Mage's_Plumule.webp",
  Sands: "Item_Nymph's_Constancy.webp",
  Goblet: "Item_Heroes'_Tea_Party.webp",
  Circlet: "Item_Fell_Dragon's_Monocle.webp"
}
--- Obsidian Codex ---
{
  Flower: 'Item_Myths_of_the_Night_Realm.webp',
  Feather: 'Item_Reckoning_of_the_Xenogenic.webp',
  Sands: 'Item_Root_of_the_Spirit-Marrow.webp',
  Goblet: 'Item_Pre-Banquet_of_the_Contenders.webp',
  Circlet: 'Item_Crown_of_the_Saints.webp'
}
--- Ocean-Hued Clam ---
{
  Flower: 'Item_Sea-Dyed_Blossom.webp',
  Feather: "Item_Deep_Palace's_Plume.webp",
  Sands: 'Item_Cowry_of_Parting.webp',
  Goblet: 'Item_Pearl_Cage.webp',
  Circlet: 'Item_Crown_of_Watatsumi.webp'
}
--- Pale Flame ---
{
  Flower: 'Item_Stainless_Bloom.webp',
  Feather: "Item_Wise_Doctor's_Pinion.webp",
  Sands: 'Item_Moment_of_Cessation.webp',
  Goblet: 'Item_Surpassing_Cup.webp',
  Circlet: 'Item_Mocking_Mask.webp'
}
--- Retracing Bolide ---
{
  Flower: "Item_Summer_Night's_Bloom.webp",
  Feather: "Item_Summer_Night's_Finale.webp",
  Sands: "Item_Summer_Night's_Moment.webp",
  Goblet: "Item_Summer_Night's_Waterballoon.webp",
  Circlet: "Item_Summer_Night's_Mask.webp"
}
--- Scroll of the Hero of Cinder City ---
{
  Flower: "Item_Beast_Tamer's_Talisman.webp",
  Feather: "Item_Demon-Warrior's_Feather_Mask.webp",
  Sands: "Item_Mystic's_Gold_Dial.webp",
  Goblet: "Item_Wandering_Scholar's_Claw_Cup.webp",
  Circlet: "Item_Mountain_Ranger's_Marker.webp"
}
--- Shimenawa's Reminiscence ---
{
  Flower: 'Item_Entangling_Bloom.webp',
  Feather: "Item_Morning_Dew's_Moment.webp",
  Sands: 'Item_Shaft_of_Remembrance.webp',
  Goblet: 'Item_Hopeful_Heart.webp',
  Circlet: 'Item_Capricious_Visage.webp'
}
--- Silken Moon's Serenade ---
{
  Flower: 'Item_Crystal_Tear_of_the_Wanderer.webp',
  Feather: 'Item_Pristine_Plume_of_the_Blessed.webp',
  Sands: "Item_Frost_Devotee's_Delirium.webp",
  Goblet: 'Item_Joyous_Glory_of_the_Pure.webp',
  Circlet: 'Item_Holy_Crown_of_the_Believer.webp'
}
--- Song of Days Past ---
{
  Flower: 'Item_Recollection_of_Days_Past.webp',
  Feather: 'Item_Forgotten_Oath_of_Days_Past.webp',
  Sands: 'Item_Echoing_Sound_From_Days_Past.webp',
  Goblet: 'Item_Promised_Dream_of_Days_Past.webp',
  Circlet: 'Item_Poetry_of_Days_Past.webp'
}
--- Tenacity of the Millelith ---
{
  Flower: 'Item_Flower_of_Accolades.webp',
  Feather: 'Item_Ceremonial_War-Plume.webp',
  Sands: 'Item_Orichalceous_Time-Dial.webp',
  Goblet: "Item_Noble's_Pledging_Vessel.webp",
  Circlet: "Item_General's_Ancient_Helm.webp"
}
--- Thunder Soother ---
{
  Flower: "Item_Thundersoother's_Heart.webp",
  Feather: "Item_Thundersoother's_Plume.webp",
  Sands: 'Item_Hour_of_Soothing_Thunder.webp',
  Goblet: "Item_Thundersoother's_Goblet.webp",
  Circlet: "Item_Thundersoother's_Diadem.webp"
}
--- Thundering Fury ---
{
  Flower: "Item_Thunderbird's_Mercy.webp",
  Feather: 'Item_Survivor_of_Catastrophe.webp',
  Sands: 'Item_Hourglass_of_Thunder.webp',
  Goblet: 'Item_Omen_of_Thunderstorm.webp',
  Circlet: "Item_Thunder_Summoner's_Crown.webp"
}
--- Unfinished Reverie ---
{
  Flower: 'Item_Dark_Fruit_of_Bright_Flowers.webp',
  Feather: 'Item_Faded_Emerald_Tail.webp',
  Sands: 'Item_Moment_of_Attainment.webp',
  Goblet: 'Item_The_Wine-Flask_Over_Which_the_Plan_Was_Hatched.webp',
  Circlet: 'Item_Crownless_Crown.webp'
}
--- Vermellion Hereafter ---
{
  Flower: 'Item_Flowering_Life.webp',
  Feather: 'Item_Feather_of_Nascent_Light.webp',
  Sands: 'Item_Moment_of_the_Pact.webp',
  Goblet: 'Item_Solar_Relic.webp',
  Circlet: 'Item_Thundering_Poise.webp'
}
--- Viridescent Venerer ---
{
  Flower: 'Item_In_Remembrance_of_Viridescent_Fields.webp',
  Feather: 'Item_Viridescent_Arrow_Feather.webp',
  Sands: "Item_Viridescent_Venerer's_Determination.webp",
  Goblet: "Item_Viridescent_Venerer's_Vessel.webp",
  Circlet: "Item_Viridescent_Venerer's_Diadem.webp"
}
--- Vourukasha's Glow ---
{
  Flower: "Item_Stamen_of_Khvarena's_Origin.webp",
  Feather: 'Item_Vibrant_Pinion.webp',
  Sands: 'Item_Ancient_Abscission.webp',
  Goblet: "Item_Heart_of_Khvarena's_Brilliance.webp",
  Circlet: 'Item_Feast_of_Boundless_Joy.webp'
}
--- Wanderer's Troupe ---
{
  Flower: "Item_Troupe's_Dawnlight.webp",
  Feather: "Item_Bard's_Arrow_Feather.webp",
  Sands: "Item_Concert's_Final_Hour.webp",
  Goblet: "Item_Wanderer's_String-Kettle.webp",
  Circlet: "Item_Conductor's_Top_Hat.webp"
}
